******************************************************************************
                  TI ARM Linker PC v16.9.7                     
******************************************************************************
>> Linked Sun Jun 03 23:18:49 2018

OUTPUT FILE NAME:   <timer-interrupt.out>
ENTRY POINT SYMBOL: "_c_int00"  address: 000004a5


MEMORY CONFIGURATION

         name            origin    length      used     unused   attr    fill
----------------------  --------  ---------  --------  --------  ----  --------
  FLASH                 00000000   00100000  0000060a  000ff9f6  R  X
  SRAM                  20000000   00040000  0000021c  0003fde4  RW X


SEGMENT ALLOCATION MAP

run origin  load origin   length   init length attrs members
----------  ----------- ---------- ----------- ----- -------
00000000    00000000    0000060c   0000060c    r-x
  00000000    00000000    00000208   00000208    r-- .intvecs
  00000208    00000208    000003de   000003de    r-x .text
  000005e8    000005e8    00000024   00000024    r-- .cinit
20000000    20000000    0000021c   00000000    rw-
  20000000    20000000    00000200   00000000    rw- .stack
  20000200    20000200    0000001c   00000000    rw- .data


SECTION ALLOCATION MAP

 output                                  attributes/
section   page    origin      length       input sections
--------  ----  ----------  ----------   ----------------
.intvecs   0    00000000    00000208     
                  00000000    00000208     tm4c1294ncpdt_startup_ccs.obj (.intvecs)

.text      0    00000208    000003de     
                  00000208    00000128     main.obj (.text)
                  00000330    0000009c     rtsv7M4_T_le_v4SPD16_eabi.lib : memcpy_t2.obj (.text)
                  000003cc    00000070                                   : autoinit.obj (.text)
                  0000043c    00000068                                   : copy_decompress_lzss.obj (.text:decompress:lzss)
                  000004a4    00000054                                   : boot.obj (.text)
                  000004f8    00000054                                   : exit.obj (.text)
                  0000054c    0000004c                                   : cpy_tbl.obj (.text)
                  00000598    00000018                                   : args_main.obj (.text)
                  000005b0    00000014                                   : _lock.obj (.text)
                  000005c4    0000000e                                   : copy_decompress_none.obj (.text:decompress:none)
                  000005d2    0000000c     tm4c1294ncpdt_startup_ccs.obj (.text)
                  000005de    00000004     rtsv7M4_T_le_v4SPD16_eabi.lib : pre_init.obj (.text)
                  000005e2    00000002                                   : mpu_init.obj (.text)
                  000005e4    00000002                                   : startup.obj (.text)

.cinit     0    000005e8    00000024     
                  000005e8    00000012     (.cinit..data.load) [load image, compression = lzss]
                  000005fa    00000002     --HOLE-- [fill = 0]
                  000005fc    00000008     (__TI_handler_table)
                  00000604    00000008     (__TI_cinit_table)

.init_array 
*          0    00000000    00000000     UNINITIALIZED

.stack     0    20000000    00000200     UNINITIALIZED
                  20000000    00000200     --HOLE--

.data      0    20000200    0000001c     UNINITIALIZED
                  20000200    0000000c     rtsv7M4_T_le_v4SPD16_eabi.lib : exit.obj (.data:$O1$$)
                  2000020c    00000008                                   : _lock.obj (.data:$O1$$)
                  20000214    00000004     main.obj (.data)
                  20000218    00000004     rtsv7M4_T_le_v4SPD16_eabi.lib : stkdepth_vars.obj (.data)

MODULE SUMMARY

       Module                          code   ro data   rw data
       ------                          ----   -------   -------
    .\
       tm4c1294ncpdt_startup_ccs.obj   12     520       0      
       main.obj                        296    0         4      
    +--+-------------------------------+------+---------+---------+
       Total:                          308    520       4      
                                                               
    C:\ti\ccs740\ccsv7\tools\compiler\ti-cgt-arm_16.9.7.LTS\lib\rtsv7M4_T_le_v4SPD16_eabi.lib
       memcpy_t2.obj                   156    0         0      
       autoinit.obj                    112    0         0      
       copy_decompress_lzss.obj        104    0         0      
       exit.obj                        84     0         12     
       boot.obj                        84     0         0      
       cpy_tbl.obj                     76     0         0      
       _lock.obj                       20     0         8      
       args_main.obj                   24     0         0      
       copy_decompress_none.obj        14     0         0      
       pre_init.obj                    4      0         0      
       stkdepth_vars.obj               0      0         4      
       mpu_init.obj                    2      0         0      
       startup.obj                     2      0         0      
    +--+-------------------------------+------+---------+---------+
       Total:                          682    0         24     
                                                               
       Stack:                          0      0         512    
       Linker Generated:               0      34        0      
    +--+-------------------------------+------+---------+---------+
       Grand Total:                    990    554       540    


LINKER GENERATED COPY TABLES

__TI_cinit_table @ 00000604 records: 1, size/record: 8, table size: 8
	.data: load addr=000005e8, load size=00000012 bytes, run addr=20000200, run size=0000001c bytes, compression=lzss


LINKER GENERATED HANDLER TABLE

__TI_handler_table @ 000005fc records: 2, size/record: 4, table size: 8
	index: 0, handler: __TI_decompress_lzss
	index: 1, handler: __TI_decompress_none


GLOBAL SYMBOLS: SORTED ALPHABETICALLY BY Name 

address   name                           
-------   ----                           
000004f9  C$$EXIT                        
000005d3  ResetISR                       
UNDEFED   SHT$$INIT_ARRAY$$Base          
UNDEFED   SHT$$INIT_ARRAY$$Limit         
20000200  __STACK_END                    
00000200  __STACK_SIZE                   
20000200  __STACK_TOP                    
00000604  __TI_CINIT_Base                
0000060c  __TI_CINIT_Limit               
000005fc  __TI_Handler_Table_Base        
00000604  __TI_Handler_Table_Limit       
000003cd  __TI_auto_init                 
20000200  __TI_cleanup_ptr               
0000043d  __TI_decompress_lzss           
000005c5  __TI_decompress_none           
20000204  __TI_dtors_ptr                 
20000208  __TI_enable_exit_profile_output
ffffffff  __TI_pprof_out_hndl            
ffffffff  __TI_prof_data_size            
ffffffff  __TI_prof_data_start           
00000000  __TI_static_base__             
00000331  __aeabi_memcpy                 
00000331  __aeabi_memcpy4                
00000331  __aeabi_memcpy8                
ffffffff  __binit__                      
ffffffff  __c_args__                     
000005e3  __mpu_init                     
20000000  __stack                        
00000599  _args_main                     
000004a5  _c_int00                       
2000020c  _lock                          
000005bf  _nop                           
000005b7  _register_lock                 
000005b1  _register_unlock               
000005e5  _system_post_cinit             
000005df  _system_pre_init               
20000210  _unlock                        
000004fd  abort                          
ffffffff  binit                          
0000054d  copy_in                        
20000214  cycleCount                     
00000505  exit                           
00000000  g_pfnVectors                   
0000023d  main                           
20000218  main_func_sp                   
00000331  memcpy                         
00000209  timer0AISR                     


GLOBAL SYMBOLS: SORTED BY Symbol Address 

address   name                           
-------   ----                           
00000000  __TI_static_base__             
00000000  g_pfnVectors                   
00000200  __STACK_SIZE                   
00000209  timer0AISR                     
0000023d  main                           
00000331  __aeabi_memcpy                 
00000331  __aeabi_memcpy4                
00000331  __aeabi_memcpy8                
00000331  memcpy                         
000003cd  __TI_auto_init                 
0000043d  __TI_decompress_lzss           
000004a5  _c_int00                       
000004f9  C$$EXIT                        
000004fd  abort                          
00000505  exit                           
0000054d  copy_in                        
00000599  _args_main                     
000005b1  _register_unlock               
000005b7  _register_lock                 
000005bf  _nop                           
000005c5  __TI_decompress_none           
000005d3  ResetISR                       
000005df  _system_pre_init               
000005e3  __mpu_init                     
000005e5  _system_post_cinit             
000005fc  __TI_Handler_Table_Base        
00000604  __TI_CINIT_Base                
00000604  __TI_Handler_Table_Limit       
0000060c  __TI_CINIT_Limit               
20000000  __stack                        
20000200  __STACK_END                    
20000200  __STACK_TOP                    
20000200  __TI_cleanup_ptr               
20000204  __TI_dtors_ptr                 
20000208  __TI_enable_exit_profile_output
2000020c  _lock                          
20000210  _unlock                        
20000214  cycleCount                     
20000218  main_func_sp                   
ffffffff  __TI_pprof_out_hndl            
ffffffff  __TI_prof_data_size            
ffffffff  __TI_prof_data_start           
ffffffff  __binit__                      
ffffffff  __c_args__                     
ffffffff  binit                          
UNDEFED   SHT$$INIT_ARRAY$$Base          
UNDEFED   SHT$$INIT_ARRAY$$Limit         

[47 symbols]
